// Jest Snapshot v1, https://goo.gl/fbAQLP

exports[`login form container is a renderable React component 1`] = `
<Provider
  store={
    Object {
      "dispatch": [Function],
      "getState": [Function],
      "replaceReducer": [Function],
      "subscribe": [Function],
      Symbol(observable): [Function],
    }
  }
>
  <Connect(LoginForm)>
    <LoginForm
      loading={false}
      logIn={[Function]}
    >
      <form
        onSubmit={[Function]}
      >
        <div>
          <label
            htmlFor="email"
          >
            Email
            <input
              id="email"
              name="email"
              onChange={[Function]}
              readOnly={false}
              type="email"
            />
          </label>
        </div>
        <div>
          <label
            htmlFor="password"
          >
            Password
            <input
              id="password"
              name="password"
              onChange={[Function]}
              readOnly={false}
              type="password"
            />
          </label>
        </div>
        <button
          disabled={false}
          type="submit"
        >
          Log in
        </button>
      </form>
    </LoginForm>
  </Connect(LoginForm)>
</Provider>
`;
